
> portfolio-app@0.1.0 build
> next build

▲ Next.js 16.2.1 (Turbopack)

  Creating an optimized production build ...

> Build error occurred
Error: Turbopack build failed with 7 errors:
./src/app/page.tsx:11:24
`ssr: false` is not allowed with `next/dynamic` in Server Components. Please move it into a Client Component.
  [90m 9 |[0m
  [90m10 |[0m [90m// Lazy load the Github activity section representing a heavier component[0m
[31m[1m>[0m [90m11 |[0m [36mconst[0m [33mGithubActivity[0m = dynamic(() => [36mimport[0m([32m"@/components/sections/GithubActivity"[0m), {
  [90m   |[0m                        [31m[1m^^^^^^^^^^^^^^^^^^^^^^^^^^^^^^^^^^^^^^^^^^^^^^^^^^^^^^^^^^^^^^[0m
[31m[1m>[0m [90m12 |[0m   loading: () => (
  [90m   |[0m [31m[1m^^^^^^^^^^^^^^^^^^[0m
[31m[1m>[0m [90m13 |[0m     <div className=[32m"w-full max-w-5xl mx-auto px-6 py-24 min-h-[400px] flex items-center ju...[0m
  [90m   |[0m [31m[1m^^^^^^^^^^^^^^^^^^^^^^^^^^^^^^^^^^^^^^^^^^^^^^^^^^^^^^^^^^^^^^^^^^^^^^^^^^^^^^^^^^^^^^^^^^^^^[0m
[31m[1m>[0m [90m14 |[0m       <div className=[32m"w-8 h-8 rounded-full border-4 border-white/10 border-t-white/60 anim...[0m
  [90m   |[0m [31m[1m^^^^^^^^^^^^^^^^^^^^^^^^^^^^^^^^^^^^^^^^^^^^^^^^^^^^^^^^^^^^^^^^^^^^^^^^^^^^^^^^^^^^^^^^^^^^^[0m
[31m[1m>[0m [90m15 |[0m     </div>
  [90m   |[0m [31m[1m^^^^^^^^^^[0m
[31m[1m>[0m [90m16 |[0m   ),
  [90m   |[0m [31m[1m^^^^[0m
[31m[1m>[0m [90m17 |[0m   ssr: [36mfalse[0m, [90m// Don't SSR this to save server resources and because it's client-heavy vis...[0m
  [90m   |[0m [31m[1m^^^^^^^^^^^^^^^^^^^^^^^^^^^^^^^^^^^^^^^^^^^^^^^^^^^^^^^^^^^^^^^^^^^^^^^^^^^^^^^^^^^^^^^^^^^^^[0m
[31m[1m>[0m [90m18 |[0m });
  [90m   |[0m [31m[1m^^[0m
  [90m19 |[0m
  [90m20 |[0m [36mexport[0m [36mdefault[0m [36mfunction[0m [33mHome[0m() {
  [90m21 |[0m   [36mreturn[0m (

Ecmascript file had an error


./src/components/layout/Footer.tsx:1:1
Export Github doesn't exist in target module
[31m[1m>[0m [90m1 |[0m [36mimport[0m { [33mGithub[0m, [33mLinkedin[0m, [33mTwitter[0m, [33mMail[0m } [36mfrom[0m [32m"lucide-react"[0m;
  [90m  |[0m [31m[1m^^^^^^^^^^^^^^^^^^^^^^^^^^^^^^^^^^^^^^^^^^^^^^^^^^^^^^^^^^^^^^^[0m
  [90m2 |[0m
  [90m3 |[0m [36mexport[0m [36mfunction[0m [33mFooter[0m() {
  [90m4 |[0m   [36mreturn[0m (

The export Github was not found in module [project]/node_modules/lucide-react/dist/esm/lucide-react.js [app-rsc] (ecmascript).
Did you mean to import Gift?
All exports of the module are statically known (It doesn't have dynamic exports). So it's known statically that the requested export doesn't exist.

Import trace:
  Server Component:
    ./src/components/layout/Footer.tsx
    ./src/app/layout.tsx


./src/components/sections/FeaturedProject.tsx:4:1
Export Github doesn't exist in target module
  [90m2 |[0m [36mimport[0m { [33mGlassCard[0m } [36mfrom[0m [32m"@/components/ui/GlassCard"[0m;
  [90m3 |[0m [36mimport[0m { projects } [36mfrom[0m [32m"@/data/projects"[0m;
[31m[1m>[0m [90m4 |[0m [36mimport[0m { [33mExternalLink[0m, [33mGithub[0m } [36mfrom[0m [32m"lucide-react"[0m;
  [90m  |[0m [31m[1m^^^^^^^^^^^^^^^^^^^^^^^^^^^^^^^^^^^^^^^^^^^^^^^^^^^^[0m
  [90m5 |[0m
  [90m6 |[0m [36mexport[0m [36mfunction[0m [33mFeaturedProject[0m() {
  [90m7 |[0m   [36mconst[0m featured = projects[[35m0[0m];

The export Github was not found in module [project]/node_modules/lucide-react/dist/esm/lucide-react.js [app-rsc] (ecmascript).
Did you mean to import Gift?
All exports of the module are statically known (It doesn't have dynamic exports). So it's known statically that the requested export doesn't exist.

Import trace:
  Server Component:
    ./src/components/sections/FeaturedProject.tsx
    ./src/app/page.tsx


./src/components/sections/Hero.tsx:2:1
Export Github doesn't exist in target module
  [90m1 |[0m [36mimport[0m { [33mSection[0m } [36mfrom[0m [32m"@/components/ui/Section"[0m;
[31m[1m>[0m [90m2 |[0m [36mimport[0m { [33mArrowRight[0m, [33mGithub[0m, [33mMail[0m } [36mfrom[0m [32m"lucide-react"[0m;
  [90m  |[0m [31m[1m^^^^^^^^^^^^^^^^^^^^^^^^^^^^^^^^^^^^^^^^^^^^^^^^^^^^^^^^[0m
  [90m3 |[0m
  [90m4 |[0m [36mexport[0m [36mfunction[0m [33mHero[0m() {
  [90m5 |[0m   [36mreturn[0m (

The export Github was not found in module [project]/node_modules/lucide-react/dist/esm/lucide-react.js [app-rsc] (ecmascript).
Did you mean to import Gift?
All exports of the module are statically known (It doesn't have dynamic exports). So it's known statically that the requested export doesn't exist.

Import trace:
  Server Component:
    ./src/components/sections/Hero.tsx
    ./src/app/page.tsx


./src/components/sections/Projects.tsx:4:1
Export Github doesn't exist in target module
  [90m2 |[0m [36mimport[0m { [33mGlassCard[0m } [36mfrom[0m [32m"@/components/ui/GlassCard"[0m;
  [90m3 |[0m [36mimport[0m { projects } [36mfrom[0m [32m"@/data/projects"[0m;
[31m[1m>[0m [90m4 |[0m [36mimport[0m { [33mExternalLink[0m, [33mGithub[0m, [33mFolderGit2[0m } [36mfrom[0m [32m"lucide-react"[0m;
  [90m  |[0m [31m[1m^^^^^^^^^^^^^^^^^^^^^^^^^^^^^^^^^^^^^^^^^^^^^^^^^^^^^^^^^^^^^^^^[0m
  [90m5 |[0m
  [90m6 |[0m [36mexport[0m [36mfunction[0m [33mProjects[0m() {
  [90m7 |[0m   [36mconst[0m otherProjects = projects.slice([35m1[0m);

The export Github was not found in module [project]/node_modules/lucide-react/dist/esm/lucide-react.js [app-rsc] (ecmascript).
Did you mean to import Gift?
All exports of the module are statically known (It doesn't have dynamic exports). So it's known statically that the requested export doesn't exist.

Import trace:
  Server Component:
    ./src/components/sections/Projects.tsx
    ./src/app/page.tsx


./src/components/layout/Footer.tsx:1:1
Export Linkedin doesn't exist in target module
[31m[1m>[0m [90m1 |[0m [36mimport[0m { [33mGithub[0m, [33mLinkedin[0m, [33mTwitter[0m, [33mMail[0m } [36mfrom[0m [32m"lucide-react"[0m;
  [90m  |[0m [31m[1m^^^^^^^^^^^^^^^^^^^^^^^^^^^^^^^^^^^^^^^^^^^^^^^^^^^^^^^^^^^^^^^[0m
  [90m2 |[0m
  [90m3 |[0m [36mexport[0m [36mfunction[0m [33mFooter[0m() {
  [90m4 |[0m   [36mreturn[0m (

The export Linkedin was not found in module [project]/node_modules/lucide-react/dist/esm/lucide-react.js [app-rsc] (ecmascript).
Did you mean to import Link?
All exports of the module are statically known (It doesn't have dynamic exports). So it's known statically that the requested export doesn't exist.

Import trace:
  Server Component:
    ./src/components/layout/Footer.tsx
    ./src/app/layout.tsx


./src/components/layout/Footer.tsx:1:1
Export Twitter doesn't exist in target module
[31m[1m>[0m [90m1 |[0m [36mimport[0m { [33mGithub[0m, [33mLinkedin[0m, [33mTwitter[0m, [33mMail[0m } [36mfrom[0m [32m"lucide-react"[0m;
  [90m  |[0m [31m[1m^^^^^^^^^^^^^^^^^^^^^^^^^^^^^^^^^^^^^^^^^^^^^^^^^^^^^^^^^^^^^^^[0m
  [90m2 |[0m
  [90m3 |[0m [36mexport[0m [36mfunction[0m [33mFooter[0m() {
  [90m4 |[0m   [36mreturn[0m (

The export Twitter was not found in module [project]/node_modules/lucide-react/dist/esm/lucide-react.js [app-rsc] (ecmascript).
Did you mean to import Timer?
All exports of the module are statically known (It doesn't have dynamic exports). So it's known statically that the requested export doesn't exist.

Import trace:
  Server Component:
    ./src/components/layout/Footer.tsx
    ./src/app/layout.tsx


    at <unknown> (./src/app/page.tsx:11:24)
    at <unknown> (./src/components/layout/Footer.tsx:1:1)
    at <unknown> (./src/components/sections/FeaturedProject.tsx:4:1)
    at <unknown> (./src/components/sections/Hero.tsx:2:1)
    at <unknown> (./src/components/sections/Projects.tsx:4:1)
    at <unknown> (./src/components/layout/Footer.tsx:1:1)
    at <unknown> (./src/components/layout/Footer.tsx:1:1)
